
> react-app@0.0.0 build
> vite build

vite v5.4.21 building for production...
transforming...
✓ 6451 modules transformed.
rendering chunks...
computing gzip size...
dist/index.html                                         0.99 kB │ gzip:   0.53 kB
dist/assets/index-DfSxh6Hw.css                          9.51 kB │ gzip:   2.54 kB
dist/assets/clone-m-DKCGat.js                           0.10 kB │ gzip:   0.11 kB
dist/assets/channel-DN46mk9r.js                         0.11 kB │ gzip:   0.12 kB
dist/assets/init-Gi6I4Gst.js                            0.15 kB │ gzip:   0.13 kB
dist/assets/chunk-QZHKN3VN-BDZ7xSUC.js                  0.19 kB │ gzip:   0.16 kB
dist/assets/chunk-55IACEB6-CZu7qNn6.js                  0.23 kB │ gzip:   0.20 kB
dist/assets/chunk-4BX2VUAB-CidwdW05.js                  0.29 kB │ gzip:   0.20 kB
dist/assets/stateDiagram-v2-FVOUBMTO-DPgCNBwa.js        0.36 kB │ gzip:   0.27 kB
dist/assets/chunk-FMBD7UC4-BNXuZbV5.js                  0.36 kB │ gzip:   0.27 kB
dist/assets/classDiagram-VBA2DB6C-CbB1Q95J.js           0.43 kB │ gzip:   0.30 kB
dist/assets/classDiagram-v2-RAHNMMFH-CbB1Q95J.js        0.43 kB │ gzip:   0.30 kB
dist/assets/chunk-KX2RTZJC-CMCsDz8s.js                  0.53 kB │ gzip:   0.37 kB
dist/assets/infoDiagram-LFFYTUFH-356uvrr3.js            0.64 kB │ gzip:   0.44 kB
dist/assets/ordinal-Cboi1Yqb.js                         1.19 kB │ gzip:   0.57 kB
dist/assets/chunk-JSJVCQXG-CCvc_TUF.js                  1.85 kB │ gzip:   0.82 kB
dist/assets/_basePickBy-BWwPL5ts.js                     2.58 kB │ gzip:   1.29 kB
dist/assets/arc-CEUYwlw1.js                             3.43 kB │ gzip:   1.46 kB
dist/assets/diagram-P4PSJMXO-vySh5h9s.js                4.30 kB │ gzip:   1.87 kB
dist/assets/defaultLocale-DX6XiGOO.js                   4.69 kB │ gzip:   2.17 kB
dist/assets/pieDiagram-SKSYHLDU-DtRRaLuo.js             5.23 kB │ gzip:   2.32 kB
dist/assets/linear-C_zEgJUt.js                          5.65 kB │ gzip:   2.31 kB
dist/assets/graph-BR2Pk4fE.js                           5.91 kB │ gzip:   1.87 kB
dist/assets/diagram-IFDJBPK2-Ce-vVWM7.js                6.02 kB │ gzip:   2.53 kB
dist/assets/stateDiagram-RAJIS63D-DO07sGMM.js          10.35 kB │ gzip:   3.62 kB
dist/assets/dagre-KLK3FWXG-BdqUX8q4.js                 11.23 kB │ gzip:   4.18 kB
dist/assets/_baseUniq-DJc-oOQ8.js                      11.90 kB │ gzip:   4.62 kB
dist/assets/diagram-E7M64L7V-BrOjtd3b.js               15.94 kB │ gzip:   5.68 kB
dist/assets/ishikawaDiagram-PHBUUO56-C-VSvpjl.js       17.51 kB │ gzip:   6.61 kB
dist/assets/kanban-definition-K7BYSVSG-DDBvysvI.js     20.61 kB │ gzip:   7.18 kB
dist/assets/mindmap-definition-YRQLILUH-BDli3gby.js    21.04 kB │ gzip:   7.27 kB
dist/assets/sankeyDiagram-WA2Y5GQK-BN_kkOxE.js         22.20 kB │ gzip:   8.10 kB
dist/assets/journeyDiagram-4ABVD52K-D3MKaekb.js        23.52 kB │ gzip:   8.26 kB
dist/assets/timeline-definition-YZTLITO2-B1b4DTfQ.js   23.69 kB │ gzip:   8.22 kB
dist/assets/gitGraphDiagram-K3NZZRJ6-D3t5G1rL.js       24.59 kB │ gzip:   7.59 kB
dist/assets/erDiagram-INFDFZHY-CqAeuDls.js             26.00 kB │ gzip:   8.94 kB
dist/assets/layout-BCCaG6hE.js                         27.38 kB │ gzip:   9.71 kB
dist/assets/requirementDiagram-Z7DCOOCP-DPr66ysz.js    30.44 kB │ gzip:   9.39 kB
dist/assets/quadrantDiagram-337W2JSQ-8bbJiv59.js       34.28 kB │ gzip:   9.97 kB
dist/assets/chunk-NQ4KR5QH-D-y8DZWA.js                 36.83 kB │ gzip:  11.87 kB
dist/assets/xychartDiagram-JWTSCODW-BrKmByaT.js        40.17 kB │ gzip:  11.34 kB
dist/assets/vennDiagram-LZ73GAT5-B5GpfQUv.js           41.80 kB │ gzip:  15.42 kB
dist/assets/chunk-WL4C6EOR-0v8KjJhz.js                 46.37 kB │ gzip:  14.77 kB
dist/assets/flowDiagram-PKNHOUZH-Dyp_h19S.js           61.51 kB │ gzip:  19.37 kB
dist/assets/ganttDiagram-A5KZAMGK-DcpOFh6P.js          68.95 kB │ gzip:  22.94 kB
dist/assets/c4Diagram-IC4MRINW-BfHUcoBf.js             70.12 kB │ gzip:  19.52 kB
dist/assets/blockDiagram-WCTKOSBZ-B6zMz5B5.js          72.06 kB │ gzip:  20.34 kB
dist/assets/cose-bilkent-S5V4N54A-Dno0GR_G.js          81.51 kB │ gzip:  22.33 kB
dist/assets/sequenceDiagram-2WXFIKYE-BJkZuDZ8.js      111.59 kB │ gzip:  29.15 kB
dist/assets/architectureDiagram-2XIMDMQ5-BaQGkwPH.js  149.19 kB │ gzip:  41.91 kB
dist/assets/katex-BkgLa5T_.js                         255.83 kB │ gzip:  76.56 kB
dist/assets/cytoscape.esm-CyJtwmzi.js                 442.41 kB │ gzip: 141.28 kB
dist/assets/treemap-KZPCXAKY-D4wG5uCD.js              453.30 kB │ gzip: 107.30 kB
dist/assets/index-DYFVVV0L.js                         770.72 kB │ gzip: 221.09 kB

(!) Some chunks are larger than 500 kB after minification. Consider:
- Using dynamic import() to code-split the application
- Use build.rollupOptions.output.manualChunks to improve chunking: https://rollupjs.org/configuration-options/#output-manualchunks
- Adjust chunk size limit for this warning via build.chunkSizeWarningLimit.
✓ built in 5.14s
